# serializer version: 1
# name: TestShaprClassMethods.test_get_results_single_component
  '''
  |    |   explain_id |    none |    MedInc |   HouseAge |   AveRooms |   AveBedrms |   Population |   AveOccup |   Latitude |   Longitude |
  |---:|-------------:|--------:|----------:|-----------:|-----------:|------------:|-------------:|-----------:|-----------:|------------:|
  |  1 |            1 | 2.20594 | -0.673475 |   0.214912 |  -0.196454 |    0.157774 |     0.025148 |  -0.370976 |  -0.388899 |   -0.285828 |
  |  2 |            2 | 2.20594 | -0.493974 |   0.056944 |  -0.50652  |   -0.184767 |     0.001253 |   0.126997 |  -0.140309 |   -0.088733 |
  |  3 |            3 | 2.20594 |  0.298078 |   0.719743 |  -0.090525 |   -0.279482 |     0.083976 |   0.745433 |   0.209444 |    0.260504 |
  '''
# ---
# name: TestShaprClassMethods.test_print_msev
  '''
      MSEv MSEv_sd
     <num>   <num>
  1:  0.89   0.397
  
  '''
# ---
# name: TestShaprClassMethods.test_print_shapley_est
  '''
     explain_id  none MedInc HouseAge AveRooms AveBedrms Population AveOccup
          <int> <num>  <num>    <num>    <num>     <num>      <num>    <num>
  1:          1  2.21 -0.673   0.2149  -0.1965     0.158    0.02515   -0.371
  2:          2  2.21 -0.494   0.0569  -0.5065    -0.185    0.00125    0.127
  3:          3  2.21  0.298   0.7197  -0.0905    -0.279    0.08398    0.745
     Latitude Longitude
        <num>     <num>
  1:   -0.389   -0.2858
  2:   -0.140   -0.0887
  3:    0.209    0.2605
  
  '''
# ---
# name: TestShaprClassMethods.test_print_shapley_sd
  '''
     explain_id  none MedInc HouseAge AveRooms AveBedrms Population AveOccup
          <int> <num>  <num>    <num>    <num>     <num>      <num>    <num>
  1:          1     0 0.0515   0.0484   0.0257    0.0257     0.0373   0.0319
  2:          2     0 0.0820   0.0712   0.0530    0.0612     0.0476   0.0552
  3:          3     0 0.0744   0.0861   0.0566    0.0727     0.0634   0.0671
     Latitude Longitude
        <num>     <num>
  1:   0.0584    0.0433
  2:   0.1079    0.1033
  3:   0.1088    0.0571
  
  '''
# ---
# name: TestShaprClassMethods.test_repr_representation
  '''
     explain_id  none MedInc HouseAge AveRooms AveBedrms Population AveOccup
          <int> <num>  <num>    <num>    <num>     <num>      <num>    <num>
  1:          1  2.21 -0.673   0.2149  -0.1965     0.158    0.02515   -0.371
  2:          2  2.21 -0.494   0.0569  -0.5065    -0.185    0.00125    0.127
  3:          3  2.21  0.298   0.7197  -0.0905    -0.279    0.08398    0.745
     Latitude Longitude
        <num>     <num>
  1:   -0.389   -0.2858
  2:   -0.140   -0.0887
  3:    0.209    0.2605
  '''
# ---
# name: TestShaprClassMethods.test_str_representation
  '''
     explain_id  none MedInc HouseAge AveRooms AveBedrms Population AveOccup
          <int> <num>  <num>    <num>    <num>     <num>      <num>    <num>
  1:          1  2.21 -0.673   0.2149  -0.1965     0.158    0.02515   -0.371
  2:          2  2.21 -0.494   0.0569  -0.5065    -0.185    0.00125    0.127
  3:          3  2.21  0.298   0.7197  -0.0905    -0.279    0.08398    0.745
     Latitude Longitude
        <num>     <num>
  1:   -0.389   -0.2858
  2:   -0.140   -0.0887
  3:    0.209    0.2605
  '''
# ---
